# Test loading an empty file

loaded graph empty

empty contains: